

-----------------------------------------
Slope Stability Analysis

Input File:		dataFiles/Valid_Input_Files/ValidInputConstf.txt
Date:			08-Dec-2018 20:43:48
-----------------------------------------


Slip Surface Search Ranges

   Xenter      Xexit     Yrange
  10.0000    34.0000     5.0000
  24.0000    53.0000    26.0000


Interslice force relation:	constant (Spencer)


Critical Surface

        x          y
  15.8561    25.0000
  16.3878    24.2121
  16.9196    23.4242
  17.4513    22.6363
  17.9830    21.8484
  18.6805    21.0527
  19.3780    20.2570
  20.0755    19.4613
  20.7730    18.6656
  21.6302    17.9086
  22.4874    17.1515
  23.4807    16.4092
  24.4741    15.6669
  25.2851    15.2243
  26.0961    14.7816
  26.9072    14.3390
  27.7182    13.8964
  28.6798    13.4853
  29.6415    13.0741
  30.2738    12.9310
  30.9061    12.7878
  31.5384    12.6447
  32.1707    12.5015
  33.0158    12.4265
  33.8608    12.3514
  34.5916    12.3448
  35.3224    12.3382
  36.0531    12.3316
  36.7839    12.3250
  37.4050    12.3853
  38.0262    12.4455
  38.8367    12.6647
  39.6473    12.8839
  40.4578    13.1031
  41.2684    13.3223
  42.1093    14.1611
  42.9501    15.0000


Factor of Safety

		0.8363


Interslice Forces

        x       G (kN/m^3)       X kN/m^3)
  16.3878       -2.917        1.979
  16.9196       -3.042        2.064
  17.4513       -0.374        0.254
  17.9830        5.087       -3.452
  18.6805       13.494       -9.156
  19.3780       24.875      -16.878
  20.0755       39.277      -26.651
  20.7730       54.623      -37.063
  21.6302       69.002      -46.819
  22.4874       84.590      -57.396
  23.4807       99.204      -67.312
  24.4741      114.619      -77.771
  25.2851      121.073      -82.150
  26.0961      127.852      -86.750
  26.9072      134.958      -91.572
  27.7182      142.390      -96.614
  28.6798      146.195      -99.196
  29.6415      150.422     -102.064
  30.2738      145.743      -98.889
  30.9061      141.377      -95.927
  31.5384      138.905      -94.250
  32.1707      138.064      -93.679
  33.0158      128.490      -87.183
  33.8608      119.208      -80.885
  34.5916      106.222      -72.073
  35.3224       93.647      -63.542
  36.0531       81.486      -55.290
  36.7839       69.737      -47.318
  37.4050       53.809      -36.511
  38.0262       38.515      -26.133
  38.8367       -0.824        0.559
  39.6473      -36.054       24.463
  40.4578      -74.950       50.855
  41.2684     -114.898       77.960
  42.1093      -43.343       29.409


